// Jest Snapshot v1, https://goo.gl/fbAQLP

exports[`ArticleCardMinor renders correctly 1`] = `
<DocumentFragment>
  <div
    class="article-card-minor"
  >
    <div
      class="article-card-minor__title"
    />
    <div
      class="article-card-minor__display"
    >
      <div
        class="article-card-minor__image"
      >
        <img
          class="image"
        />
      </div>
      <div
        class="article-card-minor__text"
      >
        <div
          class="article-card-minor__description"
        />
        <div
          class="article-card-minor__content"
        >
           
          <a
            class="article-card-minor__url"
            target="blank"
          >
            Read full article
          </a>
        </div>
      </div>
    </div>
    <div
      class="article-card-minor__source"
    >
      Source: 
    </div>
    <div
      class="article-card-minor__time"
    >
       ago
    </div>
    <div
      class="article-buttons"
    >
      <div />
      <div
        class="social-media"
      >
        <div>
          <button
            class="article-save-button-login-prompt"
            disabled=""
          >
            Log in to share and save articles
          </button>
        </div>
      </div>
    </div>
  </div>
</DocumentFragment>
`;
