// Jest Snapshot v1, https://goo.gl/fbAQLP

exports[`NavBar matches the snapshot 1`] = `
<DocumentFragment>
  <div
    class="navbar-container"
  >
    <img
      alt="logo"
      class="navbar-logo"
      src="/logo2.png"
    />
    <div
      class="navbar-categories"
    >
      <button
        class="navbar-button"
      >
        General
      </button>
      <button
        class="navbar-button"
      >
        World
      </button>
      <button
        class="navbar-button"
      >
        National
      </button>
      <button
        class="navbar-button"
      >
        Business
      </button>
      <button
        class="navbar-button"
      >
        Technology
      </button>
      <button
        class="navbar-button"
      >
        Entertainment
      </button>
      <button
        class="navbar-button"
      >
        Sports
      </button>
      <button
        class="navbar-button"
      >
        Science
      </button>
      <button
        class="navbar-button"
      >
        Health
      </button>
    </div>
    <form
      class="search-form"
    >
      <input
        class="search-form__input"
        placeholder="Search"
        type="text"
        value=""
      />
      <button
        class="search-form__button"
        data-testid="button"
        type="submit"
      >
        Search
      </button>
    </form>
  </div>
</DocumentFragment>
`;
